// Jest Snapshot v1, https://goo.gl/fbAQLP

exports[`Header should render correctly 1`] = `
<DocumentFragment>
  <div
    class="sc-bczRLJ bzNHCW"
  >
    <h1>
      Dot Matrix Gen
    </h1>
  </div>
</DocumentFragment>
`;
