// Jest Snapshot v1, https://goo.gl/fbAQLP

exports[`ScreenContainer should render correctly 1`] = `
<DocumentFragment>
  <div
    class="sc-bczRLJ JThRt"
  />
</DocumentFragment>
`;
