// Jest Snapshot v1, https://goo.gl/fbAQLP

exports[`FormControl should render correctly 1`] = `
<DocumentFragment>
  <div
    class="sc-bczRLJ UOxcP"
  />
</DocumentFragment>
`;
