// Jest Snapshot v1, https://goo.gl/fbAQLP

exports[`Content should render correctly 1`] = `
<DocumentFragment>
  <div
    class="sc-bczRLJ lhVdcE"
  >
    <p>
      test
    </p>
  </div>
</DocumentFragment>
`;
