// Jest Snapshot v1, https://goo.gl/fbAQLP

exports[`Card should render correctly 1`] = `
<DocumentFragment>
  <div
    class="sc-bczRLJ epRxCZ"
  >
    <p>
      test
    </p>
  </div>
</DocumentFragment>
`;
