// Jest Snapshot v1, https://goo.gl/fbAQLP

exports[`AppContainer should render correctly 1`] = `
<DocumentFragment>
  <div
    class="sc-bczRLJ fkGBBA"
  />
</DocumentFragment>
`;
